peterpanhoneyroastcreamypeanutbutter|peterpan
peterpannaturalcreamypeanutbutterspread|peterpan
peterpanreducedfatcreamypeanutbutterspread|peterpan
crazyrichards100peanutscrunchypeanutbutter|crazyrichards
laurascuddersoldfashionedsmoothpeanutbutter|laurascudders
laurascuddersoldfashionednuttypeanutbutter|laurascudders
adams100naturalcreamypeanutbutter|adams
adams100naturalcrunchypeanutbutter|adams
greatvaluecreamypeanutbutter|greatvalue
greatvaluecrunchypeanutbutter|greatvalue
krogercreamypeanutbutter|kroger
krogercrunchypeanutbutter|kroger
goodgathercreamypeanutbutter|goodgather
barillarotini|barilla
barillaelbows|barilla
barillaangelhair|barilla
barillaproteinpenne|barilla
barillachickpearotini|barilla
ronzonithinspaghetti|ronzoni
ronzonirotini|ronzoni
ronzonielbows|ronzoni
dececcopennerigateno41|dececco
dececcolinguineno7|dececco
riceselecttexmatiwhiterice|riceselect
mahatmajasminewhiterice|mahatma
neareastparmesancouscousmix|neareast
gerber2ndfoodsappleblueberrybabyfood|gerber
gerber2ndfoodsbananablackberryblueberrybabyfood|gerber
gerber2ndfoodsapplestrawberrybananababyfood|gerber
gerber2ndfoodscarrotbabyfood|gerber
gerber2ndfoodspearbabyfood|gerber
beechnutnaturalsapplebabyfood|beechnut
beechnutnaturalsbananababyfood|beechnut
beechnutnaturalssweetpotatobabyfood|beechnut
beechnutnaturalsgreenbeansbabyfood|beechnut
